// Jest Snapshot v1, https://goo.gl/fbAQLP

exports[`Tests in GifExpertApp The snapshot should be approve 1`] = `
<div>
  <h1>
     GifExpertApp 
  </h1>
  <input
    placeholder="Introduce your Category"
    type="text"
  />
</div>
`;
